5 + 16 * (-3) + 10 * 12 < Total 5 >
< Result 77 >

1.5 * 4 * (-2.5) * (-8) * (-15) < Total 5 >
< Result -1800 >

Log record!
150 / (-3) / 10 / (-2.5) /  < Total 4 >
< Result 2 >

5 + 16 * (-3) + 10 * 12 < Total 5 >
< Result 77 >

1.5 * 4 * (-2.5) * (-8) * (-15) < Total 5 >
< Result -1800 >

150 / (-3) / 10 / (-2.5) /  < Total 4 >
< Result 2 >

Log record!
5 + 16 * (-3) + 10 * 12 < Total 5 >
< Result 77 >

1.5 * 4 * (-2.5) * (-8) * (-15) < Total 5 >
< Result -1800 >

150 / (-3) / 10 / (-2.5) /  < Total 4 >
< Result 2 >

Log record!
5 + 16 * (-3) + 10 * 12 < Total 5 >
< Result 77 >

1.5 * 4 * (-2.5) * (-8) * (-15) < Total 5 >
< Result -1800 >

150 / (-3) / 10 / (-2.5) /  < Total 4 >
< Result 2 >

Log record!
-15 * (-8) * (-2.5) * 1.5 * 4 < Total 5 >
< Result -1800 >

-15 * (-8) * (-2.5) * 1.5 * 4 < Total 5 >
< Result -1800 >

(-3) / (-2.5) / 10 / 150 /  < Total 4 >
< Result 0.0008 >

Log record!
5 + 16 * (-3) + 10 * 12 < Total 5 >
< Result 77 >

1.5 * 4 * (-2.5) * (-8) * (-15) < Total 5 >
< Result -1800 >

150 / (-3) / 10 / (-2.5) /  < Total 4 >
< Result 2 >

Log record!
-15 * (-8) * (-2.5) * 1.5 * 4 < Total 5 >
< Result -1800 >

1.5 * (-8) * (-2.5) * (-15) * 4 < Total 5 >
< Result -1800 >

(-3) / (-2.5) / 10 / 150 /  < Total 4 >
< Result 0.0008 >

Log record!
5 + 16 * (-3) + 10 * 12 < Total 5 >
< Result 77 >

1.5 * 4 * (-2.5) * (-8) * (-15) < Total 5 >
< Result -1800 >

150 / (-3) / 10 / (-2.5) /  < Total 4 >
< Result 2 >

Log record!
-15 * (-8) * (-2.5) * 1.5 * 4 < Total 5 >
< Result -1800 >

1.5 * (-8) * (-2.5) * (-15) * 4 < Total 5 >
< Result -1800 >

(-3) / (-2.5) / 10 / 150 /  < Total 4 >
< Result 0.0008 >

Log record!
5 + 16 * (-3) + 10 * 12 < Total 5 >
< Result 77 >

1.5 * 4 * (-2.5) * (-8) * (-15) < Total 5 >
< Result -1800 >

150 / (-3) / 10 / (-2.5) /  < Total 4 >
< Result 2 >

Log record!
-15 * (-8) * (-2.5) * 1.5 * 4 < Total 5 >
< Result -1800 >

1.5 * (-8) * (-2.5) * (-15) * 4 < Total 5 >
< Result -1800 >

(-3) / (-2.5) / 10 / 150 /  < Total 4 >
< Result 0.0008 >

Log record!
5 + 16 * (-3) + 10 * 12 < Total 5 >
< Result 77 >

4 * (-2.5) * (-8) * (-15) *  < Total 5 >
< Result -1800 >

150 / (-3) / 10 / (-2.5) /  < Total 4 >
< Result 2 >

(-8) * (-2.5) * 1.5 * 4 *  < Total 5 >
< Result -1800 >

(-8) * (-2.5) * (-15) * 4 *  < Total 5 >
< Result -1800 >

(-3) / (-2.5) / 10 / 150 /  < Total 4 >
< Result 0.0008 >

5 + 16 * (-3) + 10 * 12 < Total 5 >
< Result 77 >

4 * (-2.5) * (-8) * (-15) *  < Total 5 >
< Result -1800 >

150 / (-3) / 10 / (-2.5) /  < Total 4 >
< Result 2 >

(-8) * (-2.5) * 1.5 * 4 *  < Total 5 >
< Result -1800 >

(-8) * (-2.5) * (-15) * 4 *  < Total 5 >
< Result -1800 >

(-3) / (-2.5) / 10 / 150 /  < Total 4 >
< Result 0.0008 >

5 + 16 * (-3) + 10 * 12 < Total 5 >
< Result 77 >

4 * (-2.5) * (-8) * (-15) *  < Total 5 >
< Result -1800 >

150 / (-3) / 10 / (-2.5) /  < Total 4 >
< Result 2 >

(-8) * (-2.5) * 1.5 * 4 *  < Total 5 >
< Result -1800 >

(-8) * (-2.5) * (-15) * 4 *  < Total 5 >
< Result -1800 >

(-3) / (-2.5) / 10 / 150 /  < Total 4 >
< Result 0.0008 >

5 + 16 * (-3) + 10 * 12 < Total 5 >
< Result 77 >

4 * (-2.5) * (-8) * (-15) *  < Total 5 >
< Result -1800 >

150 / (-3) / 10 / (-2.5) /  < Total 4 >
< Result 2 >

(-8) * (-2.5) * 1.5 * 4 *  < Total 5 >
< Result -1800 >

(-8) * (-2.5) * (-15) * 4 *  < Total 5 >
< Result -1800 >

(-3) / (-2.5) / 10 / 150 /  < Total 4 >
< Result 0.0008 >

5 + 16 * (-3) + 10 * 12 < Total 5 >
< Result 77 >

4 * (-2.5) * (-8) * (-15) *  < Total 5 >
< Result -1800 >

150 / (-3) / 10 / (-2.5) /  < Total 4 >
< Result 2 >

(-8) * (-2.5) * 1.5 * 4 *  < Total 5 >
< Result -1800 >

(-8) * (-2.5) * (-15) * 4 *  < Total 5 >
< Result -1800 >

(-3) / (-2.5) / 10 / 150 /  < Total 4 >
< Result 0.0008 >

5 + 16 * (-3) + 10 * 12 < Total 5 >
< Result 77 >

4 * (-2.5) * (-8) * (-15) *  < Total 5 >
< Result -1800 >

150 / (-3) / 10 / (-2.5) /  < Total 4 >
< Result 2 >

(-8) * (-2.5) * 1.5 * 4 *  < Total 5 >
< Result -1800 >

(-8) * (-2.5) * (-15) * 4 *  < Total 5 >
< Result -1800 >

(-3) / (-2.5) / 10 / 150 /  < Total 4 >
< Result 0.0008 >

5 + 16 * (-3) + 10 * 12 < Total 5 >
< Result 77 >

4 * (-2.5) * (-8) * (-15) *  < Total 5 >
< Result -1800 >

150 / (-3) / 10 / (-2.5) /  < Total 4 >
< Result 2 >

(-8) * (-2.5) * 1.5 * 4 *  < Total 5 >
< Result -1800 >

(-8) * (-2.5) * (-15) * 4 *  < Total 5 >
< Result -1800 >

(-3) / (-2.5) / 10 / 150 /  < Total 4 >
< Result 0.0008 >

5 + 16 * (-3) + 10 * 12 < Total 5 >
< Result 77 >

4 * (-2.5) * (-8) * (-15) *  < Total 5 >
< Result -1800 >

150 / (-3) / 10 / (-2.5) /  < Total 4 >
< Result 2 >

(-8) * (-2.5) * 1.5 * 4 *  < Total 5 >
< Result -1800 >

(-8) * (-2.5) * (-15) * 4 *  < Total 5 >
< Result -1800 >

(-3) / (-2.5) / 10 / 150 /  < Total 4 >
< Result 0.0008 >

5 + 16 * (-3) + 10 * 12 < Total 5 >
< Result 77 >

4 * (-2.5) * (-8) * (-15) *  < Total 5 >
< Result -1800 >

150 / (-3) / 10 / (-2.5) /  < Total 4 >
< Result 2 >

(-8) * (-2.5) * 1.5 * 4 *  < Total 5 >
< Result -1800 >

(-8) * (-2.5) * (-15) * 4 *  < Total 5 >
< Result -1800 >

(-3) / (-2.5) / 10 / 150 /  < Total 4 >
< Result 0.0008 >

5 + 16 * (-3) + 10 * 12 < Total 5 >
< Result 77 >

4 * (-2.5) * (-8) * (-15) *  < Total 5 >
< Result -1800 >

150 / (-3) / 10 / (-2.5) /  < Total 4 >
< Result 2 >

(-8) * (-2.5) * 1.5 * 4 *  < Total 5 >
< Result -1800 >

(-8) * (-2.5) * (-15) * 4 *  < Total 5 >
< Result -1800 >

(-3) / (-2.5) / 10 / 150 /  < Total 4 >
< Result 0.0008 >

5 + 16 * (-3) + 10 * 12 < Total 5 >
< Result 77 >

4 * (-2.5) * (-8) * (-15) *  < Total 5 >
< Result -1800 >

150 / (-3) / 10 / (-2.5) /  < Total 4 >
< Result 2 >

(-8) * (-2.5) * 1.5 * 4 *  < Total 5 >
< Result -1800 >

(-8) * (-2.5) * (-15) * 4 *  < Total 5 >
< Result -1800 >

(-3) / (-2.5) / 10 / 150 /  < Total 4 >
< Result 0.0008 >

